[INFO][AppLauncher]: Using device: cuda:0
[INFO][AppLauncher]: Loading experience file: /mnt/ssd970/robotics_simulation_class/src/IsaacLab_RS/apps/isaaclab.python.kit
Loading user config located at: '/mnt/ssd970/robotics_simulation_class/env/lib/python3.11/site-packages/isaacsim/kit/data/Kit/Isaac-Sim/5.1/user.config.json'
[Info] [carb] Logging to file: /mnt/ssd970/robotics_simulation_class/env/lib/python3.11/site-packages/isaacsim/kit/logs/Kit/Isaac-Sim/5.1/kit_20260917_205006.log
[0.024s] [ext: omni.kit.async_engine-0.0.3] startup
[0.072s] [ext: omni.metrics.core-0.0.3] startup
[0.073s] [ext: omni.client.lib-1.1.0] startup
[0.079s] [ext: omni.blobkey-1.1.2] startup
[0.079s] [ext: omni.stats-1.0.1] startup
[0.080s] [ext: omni.datastore-0.0.0] startup
[0.083s] [ext: omni.client-1.3.0] startup
[0.085s] [ext: omni.ujitso.default-1.0.0] startup
[0.086s] [ext: omni.hsscclient-1.1.2] startup
[0.088s] [ext: omni.gpu_foundation.shadercache.vulkan-1.0.0] startup
[0.089s] [ext: omni.assets.plugins-0.0.0] startup
[0.090s] [ext: omni.gpu_foundation-0.0.0] startup
[0.094s] [ext: carb.windowing.plugins-1.0.0] startup
2026-09-17T11:50:06Z [87ms] [Warning] [carb.windowing-glfw.gamepad] Joystick with unknown remapping detected (will be ignored):  Logitech PRO X [030000006d0400009340000011010000]
2026-09-17T11:50:06Z [87ms] [Warning] [carb.windowing-glfw.gamepad] Joystick with unknown remapping detected (will be ignored):  Logitech G913 TKL [030000006d0400008e40000011010000]
[0.098s] [ext: omni.kit.renderer.init-0.0.0] startup
2026-09-17T11:50:07Z [536ms] [Warning] [gpu.foundation.plugin] Skipping unsupported non-NVIDIA GPU: AMD Ryzen 7 9800X3D 8-Core Processor (RADV RAPHAEL_MENDOCINO)
2026-09-17T11:50:07Z [537ms] [Warning] [gpu.foundation.plugin] Skipping unsupported non-NVIDIA GPU: AMD Ryzen 7 9800X3D 8-Core Processor (RADV RAPHAEL_MENDOCINO)

|---------------------------------------------------------------------------------------------|
| Driver Version: 580.173.02    | Graphics API: Vulkan
|=============================================================================================|
| GPU | Name                             | Active | LDA | GPU Memory | Vendor-ID | LUID       |
|     |                                  |        |     |            | Device-ID | UUID       |
|     |                                  |        |     |            | Bus-ID    |            |
|---------------------------------------------------------------------------------------------|
| 0   | NVIDIA GeForce RTX 5080          | Yes: 0 |     | 16303   MB | 10de      | 0          |
|     |                                  |        |     |            | 2c02      | 941a2833.. |
|     |                                  |        |     |            | 1         |            |
|---------------------------------------------------------------------------------------------|
| 1   | NVIDIA GeForce RTX 5070          |        |     | 12227   MB | 10de      | 0          |
|     |                                  |        |     |            | 2f04      | 8f16c27a.. |
|     |                                  |        |     |            | 5         |            |
|---------------------------------------------------------------------------------------------|
| 2   | AMD Ryzen 7 9800X3D 8-Core Pro.. |        |     | 10753   MB | 1002      | 0          |
|     |                                  |        |     |            | 13c0      | 00000000.. |
|     |                                  |        |     |            | b         |            |
|=============================================================================================|
| OS: 24.04.4 LTS (Noble Numbat) ubuntu, Version: 24.04.4, Kernel: 7.0.0-31-generic
| XServer Vendor: The X.Org Foundation, XServer Version: 12101011 (1.21.1.11)
| Processor: AMD Ryzen 7 9800X3D 8-Core Processor
| Cores: 8 | Logical Cores: 16
|---------------------------------------------------------------------------------------------|
| Total Memory (MB): 31236 | Free Memory: 26980
| Total Page/Swap (MB): 8191 | Free Page/Swap: 7126
|---------------------------------------------------------------------------------------------|
2026-09-17T11:50:07Z [739ms] [Warning] [gpu.foundation.plugin] IOMMU is enabled.
2026-09-17T11:50:07Z [739ms] [Warning] [gpu.foundation.plugin] Detected IOMMU is enabled. Running CUDA peer-to-peer bandwidth and latency validation.
Unidirectional P2P=Enabled Bandwidth (P2P Writes) Matrix (GB/s)
   D\D     0      1 
     0 820.64   6.21 
     1   6.57 587.41 
P2P=Enabled Latency (P2P Writes) Matrix (us)
   GPU     0      1 
     0   2.07  13.90 
     1  15.73   2.07 

   CPU     0      1 
     0   1.83   4.67 
     1   4.49   1.80 
2026-09-17T11:50:07Z [1,009ms] [Warning] [gpu.foundation.plugin] CUDA peer-to-peer observed bandwidth: 6.2 GB/s.
2026-09-17T11:50:07Z [1,009ms] [Warning] [gpu.foundation.plugin] CUDA peer-to-peer observed latency: 15.7 us.
2026-09-17T11:50:07Z [1,009ms] [Warning] [gpu.foundation.plugin] Please verify if observed bandwidth and latency are expected.
[1.107s] [ext: omni.materialx.libs-1.0.7] startup
[1.112s] [ext: omni.usd.config-1.0.6] startup
[1.113s] [ext: omni.gpucompute.plugins-0.0.0] startup
[1.114s] [ext: omni.usd.libs-1.0.1] startup
[1.158s] [ext: omni.mdl-56.0.3] startup
[1.205s] [ext: omni.iray.libs-0.0.0] startup
[1.209s] [ext: omni.mdl.neuraylib-0.2.12] startup
[1.210s] [ext: omni.kit.usd.mdl-1.1.5] startup
[1.265s] [ext: omni.kit.telemetry-0.5.2] startup
[1.281s] [ext: omni.kit.pipapi-0.0.0] startup
[1.282s] [ext: omni.kit.loop-isaac-1.3.7] startup
[1.282s] [ext: omni.kit.test-2.0.1] startup
[1.307s] [ext: omni.appwindow-1.1.10] startup
[1.825s] [ext: omni.kit.renderer.core-1.1.0] startup
[3.047s] [ext: omni.kit.renderer.capture-0.0.0] startup
[3.048s] [ext: omni.kit.renderer.imgui-2.0.5] startup
[3.082s] [ext: omni.ui-2.27.1] startup
[3.087s] [ext: omni.kit.mainwindow-1.0.3] startup
[3.088s] [ext: carb.audio-0.1.0] startup
[3.090s] [ext: omni.uiaudio-1.0.0] startup
[3.090s] [ext: omni.kit.uiapp-0.0.0] startup
[3.090s] [ext: omni.usd.schema.metrics.assembler-107.3.1] startup
[3.092s] [ext: omni.usd.schema.audio-0.0.0] startup
[3.093s] [ext: omni.usd_resolver-1.0.0] startup
[3.095s] [ext: omni.usd.core-1.5.3] startup
[3.096s] [ext: omni.usd.schema.omni_sensors-0.0.0] startup
[3.105s] [ext: omni.usd.schema.anim-0.0.0] startup
[3.114s] [ext: omni.usd.schema.physx-107.3.26] startup
[3.131s] [ext: isaacsim.robot.schema-3.6.0] startup
[3.135s] [ext: omni.usd.schema.omniscripting-1.0.0] startup
[3.137s] [ext: omni.usd.schema.omnigraph-1.0.0] startup
[3.140s] [ext: omni.usd.schema.semantics-0.0.0] startup
[3.141s] [ext: omni.usd.schema.geospatial-0.0.0] startup
[3.142s] [ext: omni.kit.window.popup_dialog-2.0.24] startup
[3.144s] [ext: omni.activity.core-1.0.3] startup
[3.145s] [ext: omni.kit.widget.nucleus_connector-2.0.1] startup
[3.146s] [ext: omni.kit.usd_undo-0.1.8] startup
[3.146s] [ext: omni.graph.exec-0.9.6] startup
[3.147s] [ext: omni.kit.actions.core-1.0.0] startup
[3.148s] [ext: usdrt.scenegraph-7.6.1] startup
[3.166s] [ext: omni.resourcemonitor-107.0.1] startup
[3.167s] [ext: omni.kit.exec.core-0.13.4] startup
[3.168s] [ext: omni.timeline-1.0.14] startup
[3.169s] [ext: omni.kit.commands-1.4.10] startup
[3.171s] [ext: omni.kit.audiodeviceenum-1.0.2] startup
[3.171s] [ext: omni.hydra.usdrt_delegate-7.5.1] startup
[3.174s] [ext: omni.hydra.scene_delegate-0.3.4] startup
[3.176s] [ext: omni.usd-1.13.10] startup
[3.189s] [ext: omni.kit.asset_converter-5.0.17] startup
[3.195s] [ext: omni.usd.schema.omni_lens_distortion-0.0.0] startup
[3.195s] [ext: omni.usd.schema.render_settings.rtx-0.0.0] startup
[3.196s] [ext: omni.index.libs-380600.8087.0] startup
[3.196s] [ext: omni.volume-0.5.2] startup
[3.197s] [ext: omni.ujitso.client-0.0.0] startup
[3.197s] [ext: omni.index-1.0.1] startup
[3.198s] [ext: omni.hydra.rtx.shadercache.vulkan-1.0.0] startup
[3.198s] [ext: omni.hydra.rtx-1.0.0] startup
2026-09-17T11:50:09Z [3,197ms] [Warning] [omni.log] Source: omni.hydra was already registered.
[3.215s] [ext: omni.kit.notification_manager-1.0.10] startup
[3.216s] [ext: omni.kit.clipboard-1.0.5] startup
[3.216s] [ext: omni.kit.viewport.legacy_gizmos-1.0.19] startup
[3.217s] [ext: omni.kit.raycast.query-1.1.0] startup
[3.220s] [ext: omni.kit.menu.core-1.1.2] startup
[3.220s] [ext: omni.kit.widget.options_menu-1.1.6] startup
[3.221s] [ext: omni.kit.helper.file_utils-0.1.9] startup
[3.222s] [ext: omni.kit.widget.path_field-2.0.11] startup
[3.222s] [ext: omni.kit.widget.context_menu-1.2.5] startup
[3.223s] [ext: omni.kit.widget.options_button-1.0.3] startup
[3.223s] [ext: omni.kit.widget.filebrowser-2.12.3] startup
[3.225s] [ext: omni.kit.widget.browser_bar-2.0.10] startup
[3.226s] [ext: omni.kit.usd.layers-2.2.11] startup
[3.229s] [ext: omni.ui.scene-1.11.5] startup
[3.232s] [ext: omni.kit.viewport.registry-104.0.6] startup
[3.232s] [ext: omni.kit.window.filepicker-2.13.4] startup
[3.238s] [ext: omni.kit.menu.utils-2.0.5] startup
[3.242s] [ext: omni.kit.context_menu-1.8.6] startup
[3.243s] [ext: omni.kit.viewport.scene_camera_model-1.0.6] startup
[3.245s] [ext: omni.kit.hydra_texture-1.4.6] startup
[3.246s] [ext: omni.kit.window.file_importer-1.1.18] startup
[3.247s] [ext: omni.kit.widget.searchable_combobox-1.0.6] startup
[3.248s] [ext: omni.kit.window.drop_support-1.0.5] startup
[3.248s] [ext: omni.kit.widget.viewport-107.1.3] startup
[3.250s] [ext: omni.kit.material.library-2.0.7] startup
[3.252s] [ext: omni.hydra.engine.stats-1.0.3] startup
[3.253s] [ext: omni.kit.widget.settings-1.2.6] startup
[3.254s] [ext: omni.kit.viewport.window-107.2.0] startup
[3.261s] [ext: omni.kit.window.preferences-1.8.0] startup
[3.264s] [ext: omni.kit.widget.toolbar-2.0.1] startup
[3.266s] [ext: omni.kit.viewport.utility-1.1.2] startup
[3.266s] [ext: omni.kit.manipulator.transform-107.0.0] startup
[3.268s] [ext: omni.kit.manipulator.tool.snap-1.5.13] startup
[3.270s] [ext: omni.kit.manipulator.selector-1.1.3] startup
[3.270s] [ext: omni.kit.viewport.manipulator.transform-107.0.4] startup
[3.271s] [ext: omni.kit.manipulator.viewport-107.0.1] startup
[3.272s] [ext: omni.kit.primitive.mesh-1.0.17] startup
[3.273s] [ext: omni.kit.manipulator.prim.core-107.0.8] startup
[3.276s] [ext: omni.fabric.commands-1.1.6] startup
[3.277s] [ext: omni.kit.manipulator.prim.usd-107.0.3] startup
[3.278s] [ext: omni.kit.manipulator.prim.fabric-107.0.4] startup
[3.278s] [ext: omni.debugdraw-0.1.4] startup
[3.280s] [ext: omni.kit.property.adapter.core-1.0.2] startup
[3.281s] [ext: omni.kit.manipulator.prim-107.0.0] startup
[3.281s] [ext: omni.usdphysics-107.3.26] startup
[3.282s] [ext: omni.kit.manipulator.selection-106.0.1] startup
[3.282s] [ext: omni.kit.hotkeys.core-1.3.10] startup
[3.283s] [ext: omni.kit.property.adapter.usd-1.0.2] startup
[3.284s] [ext: omni.kit.widget.searchfield-1.1.8] startup
[3.284s] [ext: omni.kit.widget.filter-1.1.4] startup
[3.285s] [ext: omni.kit.property.adapter.fabric-1.0.3] startup
[3.285s] [ext: omni.kit.widget.highlight_label-1.0.3] startup
[3.285s] [ext: omni.kit.window.file_exporter-1.0.33] startup
[3.286s] [ext: omni.kit.stage_template.core-1.1.22] startup
[3.286s] [ext: omni.kit.widget.stage-3.1.4] startup
[3.291s] [ext: omni.kit.widget.prompt-1.0.7] startup
[3.291s] [ext: omni.kit.window.property-1.12.1] startup
[3.292s] [ext: omni.kvdb-107.3.26] startup
[3.293s] [ext: omni.kit.window.file-2.0.5] startup
[3.294s] [ext: omni.kit.window.content_browser_registry-0.0.6] startup
[3.295s] [ext: omni.kit.viewport.menubar.core-107.2.1] startup
[3.301s] [ext: omni.kit.viewport.actions-107.0.2] startup
[3.303s] [ext: omni.kit.window.content_browser-3.1.3] startup
[3.308s] [ext: omni.kit.viewport.menubar.display-107.0.3] startup
[3.309s] [ext: omni.kit.widget.layers-1.8.6] startup
[3.314s] [ext: omni.kit.property.usd-4.5.12] startup
[3.319s] [ext: omni.physx.foundation-107.3.26] startup
[3.320s] [ext: omni.localcache-107.3.26] startup
[3.320s] [ext: omni.convexdecomposition-107.3.26] startup
[3.322s] [ext: omni.usdphysics.ui-107.3.26] startup
[3.336s] [ext: omni.physx.cooking-107.3.26] startup
[3.337s] [ext: omni.usd.metrics.assembler-107.3.1] startup
[3.346s] [ext: omni.physx-107.3.26] startup
[3.351s] [ext: omni.physics-107.3.26] startup
[3.352s] [ext: omni.physx.commands-107.3.26] startup
[3.355s] [ext: omni.physics.stageupdate-107.3.26] startup
[3.356s] [ext: omni.inspect-1.0.2] startup
[3.356s] [ext: omni.physx.ui-107.3.26] startup
[3.371s] [ext: omni.graph.core-2.184.5] startup
[3.373s] [ext: omni.physics.physx-107.3.26] startup
2026-09-17T11:50:10Z [3,363ms] [Warning] [carb] Acquiring non optional plugin interface which is not listed as dependency: [omni::physx::IPhysxBenchmarks v1.0] (plugin: <default plugin>), by client: omni.physics.physx.plugin. Add it to CARB_PLUGIN_IMPL_DEPS() macro of a client.
[3.374s] [ext: isaacsim.core.deprecation_manager-0.2.7] startup
[3.374s] [ext: omni.physics.tensors-107.3.26] startup
[3.376s] [ext: omni.kit.numpy.common-0.1.3] startup
[3.377s] [ext: isaacsim.core.version-2.0.6] startup
[3.377s] [ext: omni.warp.core-1.8.2] startup
[3.468s] [ext: omni.usd.metrics.assembler.physics-107.3.26] startup
[3.469s] [ext: omni.isaac.dynamic_control-2.0.7] startup
2026-09-17T11:50:10Z [3,461ms] [Warning] [omni.isaac.dynamic_control] omni.isaac.dynamic_control is deprecated as of Isaac Sim 4.5. No action is needed from end-users.
[3.472s] [ext: isaacsim.storage.native-1.5.1] startup
[3.472s] [ext: isaacsim.core.utils-3.5.1] startup
[3.474s] [ext: omni.graph.tools-1.79.2] startup
[3.484s] [ext: omni.graph.action_core-1.1.7] startup
[3.485s] [ext: omni.graph-1.141.2] startup
[3.504s] [ext: omni.physx.tensors-107.3.26] startup
[3.509s] [ext: omni.graph.action_nodes-1.50.4] startup
[3.510s] [ext: isaacsim.core.simulation_manager-1.4.4] startup
[4.437s] [ext: omni.kit.usd.collect-2.4.5] startup
[4.440s] [ext: omni.kit.stage_templates-2.0.0] startup
[4.441s] [ext: isaacsim.core.prims-0.6.1] startup
[4.453s] [ext: omni.kit.usdz_export-1.0.9] startup
[4.456s] [ext: isaacsim.core.api-4.8.0] startup
[4.460s] [ext: omni.kit.tool.asset_importer-4.3.2] startup
[4.463s] [ext: omni.graph.action-1.130.0] startup
[4.464s] [ext: omni.kit.selection-0.1.6] startup
[4.465s] [ext: omni.ui_query-1.1.8] startup
[4.466s] [ext: omni.kit.stagerecorder.core-107.0.3] startup
[4.468s] [ext: omni.kit.widget.text_editor-1.1.1] startup
[4.469s] [ext: omni.kit.ui_test-1.3.7] startup
[4.470s] [ext: omni.kit.stagerecorder.ui-107.0.1] startup
[4.471s] [ext: omni.kit.window.extensions-1.4.27] startup
[4.474s] [ext: omni.graph.visualization.nodes-2.1.3] startup
[4.479s] [ext: omni.kit.stagerecorder.bundle-105.0.2] startup
[4.479s] [ext: isaacsim.gui.components-1.2.1] startup
[4.482s] [ext: isaacsim.gui.menu-2.4.4] startup
[4.488s] [ext: isaacsim.app.about-2.0.11] startup
[4.490s] [ext: isaacsim.asset.importer.mjcf-2.5.13] startup
[4.513s] [ext: semantics.schema.editor-2.0.2] startup
2026-09-17T11:50:11Z [4,504ms] [Warning] [pxr.Semantics] pxr.Semantics is deprecated - please use Semantics instead
[4.516s] [ext: omni.kit.widget.graph-2.0.0] startup
[4.519s] [ext: semantics.schema.property-2.0.1] startup
[4.520s] [ext: omni.kit.graph.delegate.default-1.2.3] startup
[4.520s] [ext: isaacsim.core.cloner-1.4.10] startup
[4.521s] [ext: omni.kit.graph.editor.core-1.5.3] startup
[4.523s] [ext: omni.kit.graph.usd.commands-1.3.1] startup
[4.524s] [ext: omni.kit.widget.material_preview-1.0.16] startup
[4.525s] [ext: omni.graph.image.core-0.6.1] startup
[4.525s] [ext: omni.graph.scriptnode-1.50.0] startup
[4.526s] [ext: omni.kit.widget.stage_icons-1.0.8] startup
[4.527s] [ext: omni.kit.window.material_graph-1.9.1] startup
[4.533s] [ext: omni.graph.image.nodes-1.3.1] startup
[4.534s] [ext: omni.kit.menu.create-2.0.1] startup
[4.535s] [ext: omni.kit.window.stage-2.6.1] startup
[4.537s] [ext: omni.kit.viewport.menubar.settings-107.0.3] startup
[4.539s] [ext: omni.graph.nodes-1.170.10] startup
[4.544s] [ext: omni.graph.ui_nodes-1.50.5] startup
[4.546s] [ext: isaacsim.util.debug_draw-3.1.0] startup
[4.548s] [ext: omni.syntheticdata-0.6.13] startup
[4.564s] [ext: omni.kit.scripting-107.3.2] startup
[4.570s] [ext: omni.videoencoding-0.1.2] startup
[4.574s] [ext: omni.warp-1.8.2] startup
[4.579s] [ext: omni.sensors.nv.common-3.0.0] startup
[4.587s] [ext: isaacsim.sensors.physx-2.3.2] startup
[4.594s] [ext: isaacsim.replicator.behavior-1.1.16] startup
[4.598s] [ext: omni.sensors.net-1.0.0] startup
[4.604s] [ext: omni.replicator.core-1.12.27] startup
2026-09-17T11:50:11Z [4,663ms] [Warning] [omni.graph.core.plugin] Found duplicate of category 'Replicator' - was 'Annotators', adding 'Fabric Reader'
2026-09-17T11:50:11Z [4,663ms] [Warning] [omni.graph.core.plugin] Category 'Replicator' not accepted on node type 'omni.replicator.core.FabricReader' in extension 'omni.replicator.core'
2026-09-17T11:50:11Z [4,664ms] [Warning] [omni.replicator.core.scripts.extension] No material configuration file, adding configuration to material settings directly.
[4.676s] [ext: omni.sensors.nv.materials-2.0.0] startup
[4.678s] [ext: isaacsim.simulation_app-2.12.2] startup
[4.679s] [ext: omni.anim.curve.core-1.3.1] startup
[4.689s] [ext: omni.kit.manipulator.camera-106.0.4] startup
[4.693s] [ext: isaacsim.core.nodes-3.4.3] startup
[4.700s] [ext: omni.sensors.nv.ids-2.0.0] startup
[4.702s] [ext: omni.sensors.nv.lidar-3.0.0] startup
[4.706s] [ext: omni.sensors.nv.wpm-3.0.0] startup
[4.708s] [ext: omni.kit.property.audio-1.0.16] startup
[4.712s] [ext: omni.kit.property.camera-1.0.10] startup
[4.715s] [ext: omni.kit.property.light-1.0.12] startup
[4.723s] [ext: omni.kit.property.geometry-2.0.4] startup
[4.727s] [ext: omni.sensors.nv.radar-3.0.0] startup
[4.729s] [ext: isaacsim.gui.property-1.1.3] startup
[4.732s] [ext: omni.kit.property.render-1.2.1] startup
[4.734s] [ext: omni.hydra.scene_api-0.1.2] startup
[4.737s] [ext: isaacsim.test.docstring-1.1.0] startup
[4.739s] [ext: isaacsim.core.experimental.utils-0.3.0] startup
[4.743s] [ext: omni.kit.widget.zoombar-1.0.6] startup
[4.744s] [ext: omni.kit.property.transform-1.5.13] startup
[4.750s] [ext: omni.kit.property.material-1.11.9] startup
[4.756s] [ext: isaacsim.core.experimental.prims-0.8.1] startup
[4.789s] [ext: omni.kit.browser.core-2.3.13] startup
[4.816s] [ext: omni.kit.property.bundle-1.4.1] startup
[4.830s] [ext: isaacsim.sensors.rtx-15.8.4] startup
[4.864s] [ext: omni.kit.viewport.menubar.camera-107.0.6] startup
[4.935s] [ext: isaacsim.robot.surface_gripper-3.3.1] startup
[4.955s] [ext: omni.kit.browser.folder.core-1.10.9] startup
[5.048s] [ext: isaacsim.sensors.physics-0.4.3] startup
[5.054s] [ext: omni.kit.tool.collect-2.2.18] startup
[5.059s] [ext: omni.kit.menu.stage-1.2.7] startup
[5.061s] [ext: isaacsim.robot.manipulators-3.3.6] startup
[5.065s] [ext: omni.kit.viewport.menubar.lighting-107.3.1] startup
[5.068s] [ext: omni.kit.viewport.menubar.render-107.0.10] startup
[5.072s] [ext: isaacsim.robot.policy.examples-4.1.11] startup
[5.073s] [ext: isaacsim.examples.browser-0.2.1] startup
[5.076s] [ext: isaacsim.asset.importer.urdf-2.4.30] startup
[5.091s] [ext: omni.kit.window.console-1.1.4] startup
[5.097s] [ext: omni.physx.demos-107.3.26] startup
[5.107s] [ext: omni.kit.property.physx-107.3.26] startup
[5.118s] [ext: omni.rtx.window.settings-0.6.19] startup
[5.121s] [ext: omni.ocio-0.1.1] startup
[5.122s] [ext: omni.replicator.replicator_yaml-2.0.11] startup
[5.130s] [ext: omni.asset_validator.core-1.1.6] startup
[5.156s] [ext: omni.physx.vehicle-107.3.26] startup
[5.164s] [ext: omni.rtx.settings.core-0.6.5] startup
[5.166s] [ext: omni.kit.window.script_editor-2.0.1] startup
[5.168s] [ext: isaacsim.robot.wheeled_robots-4.0.24] startup
[5.171s] [ext: omni.kit.window.toolbar-2.0.0] startup
[5.174s] [ext: omni.physx.asset_validator-107.3.26] startup
[5.178s] [ext: omni.physx.camera-107.3.26] startup
[5.185s] [ext: omni.physx.cct-107.3.26] startup
[5.192s] [ext: omni.physx.graph-107.3.26] startup
[5.201s] [ext: omni.physx.supportui-107.3.26] startup
[5.209s] [ext: omni.physx.telemetry-107.3.26] startup
[5.210s] [ext: omni.kit.window.status_bar-0.1.9] startup
[5.213s] [ext: omni.usd.metrics.assembler.ui-107.3.1] startup
[5.218s] [ext: isaacsim.asset.browser-1.3.23] startup
[5.244s] [ext: isaacsim.core.throttling-2.2.2] startup
[5.245s] [ext: omni.kit.ui.actions-1.0.5] startup
[5.246s] [ext: omni.physx.bundle-107.3.26] startup
[5.247s] [ext: isaacsim.sensors.camera-1.3.6] startup
[5.249s] [ext: isaaclab-0.47.2] startup
[5.348s] [ext: isaaclab_assets-0.2.3] startup
[5.521s] [ext: isaaclab_tasks-0.11.6] startup
[6.415s] [ext: omni.kit.menu.common-2.0.1] startup
[6.416s] [ext: isaaclab_rl-0.4.4] startup
[6.416s] [ext: isaaclab_mimic-1.0.15] startup
[6.417s] [ext: isaaclab.python-2.3.0] startup
[6.418s] Simulation App Starting
2026-09-17T11:50:13Z [6,623ms] [Warning] [omni.fabric.plugin] Warning: attribute viewportHandle not found for bucket id 9

[6.702s] app ready
[8.450s] Simulation App Startup Complete
[INFO]: Parsing configuration from: week03_ant.tasks.ant_cfg:ExtremeTerrainPostureAntEnvCfg
[INFO]: Parsing configuration from: week03_ant.tasks.agents.rsl_rl_ppo_cfg:Week03AntPPORunnerCfg
Setting seed: 7
[9.094s] [ext: omni.physx.fabric-107.3.26] startup
[2026-09-17 20:50:15,739][ogn_registration][INFO] - Looking for Python nodes to register in omni.physx.fabric-107.3.26
[2026-09-17 20:50:15,739][ogn_registration][INFO] -  -> Registered nodes from module omni.physxfabric at /mnt/ssd970/robotics_simulation_class/env/lib/python3.11/site-packages/isaacsim/extscache/omni.physx.fabric-107.3.26+107.3.3.lx64.r.cp311.u353
[2026-09-17 20:50:15,739][ogn_registration][INFO] - Registering nodes in /mnt/ssd970/robotics_simulation_class/env/lib/python3.11/site-packages/isaacsim/extscache/omni.physx.fabric-107.3.26+107.3.3.lx64.r.cp311.u353 imported as omni.physxfabric with AutoNode config {}
[2026-09-17 20:50:15,739][ogn_registration][INFO] - Registering Python Node Types from omni.physxfabric at /mnt/ssd970/robotics_simulation_class/env/lib/python3.11/site-packages/isaacsim/extscache/omni.physx.fabric-107.3.26+107.3.3.lx64.r.cp311.u353 in omni.physx.fabric
[2026-09-17 20:50:15,739][ogn_registration][INFO] - ========================================================================================================================
[2026-09-17 20:50:15,740][ogn_registration][INFO] - No dependency on omni.graph, therefore no nodes to register in omni.physx.fabric
[2026-09-17 20:50:15,740][ogn_registration][INFO] - ...None found, no registration to do
[2026-09-17 20:50:15,740][ogn_registration][INFO] - ...Skipping: No OmniGraph presence in the module omni.physxfabric - No nodes in this module, do not remember it
[2026-09-17 20:50:15,740][ogn_registration][INFO] - Destroying registration record for omni.physx.fabric
[2026-09-17 20:50:15,740][ogn_registration][INFO] - OGN register omni.physx.fabric-107.3.26 took 654350.000000
[INFO]: Base environment:
	Environment device    : cuda:0
	Environment seed      : 7
	Physics step-size     : 0.008333333333333333
	Rendering step-size   : 0.016666666666666666
	Environment step-size : 0.016666666666666666
[INFO] Generating terrains based on curriculum took : 0.404912 seconds
[INFO]: Time taken for scene creation : 1.478949 seconds
[INFO]: Scene manager:  <class InteractiveScene>
	Number of environments: 10
	Environment spacing   : 8.0
	Source prim name      : /World/envs/env_0
	Global prim paths     : ['/World/ground']
	Replicate physics     : True
[INFO]: Starting the simulation. This may take a few seconds. Please wait...
2026-09-17T11:50:17Z [10,869ms] [Warning] [omni.physx.plugin] Damping attribute is unsupported for articulation joints and will be ignored (/World/envs/env_0/Robot/joints/front_left_leg).
2026-09-17T11:50:17Z [10,869ms] [Warning] [omni.physx.plugin] Damping attribute is unsupported for articulation joints and will be ignored (/World/envs/env_0/Robot/joints/front_left_foot).
2026-09-17T11:50:17Z [10,869ms] [Warning] [omni.physx.plugin] Damping attribute is unsupported for articulation joints and will be ignored (/World/envs/env_0/Robot/joints/front_right_leg).
2026-09-17T11:50:17Z [10,869ms] [Warning] [omni.physx.plugin] Damping attribute is unsupported for articulation joints and will be ignored (/World/envs/env_0/Robot/joints/front_right_foot).
2026-09-17T11:50:17Z [10,869ms] [Warning] [omni.physx.plugin] Damping attribute is unsupported for articulation joints and will be ignored (/World/envs/env_0/Robot/joints/left_back_leg).
2026-09-17T11:50:17Z [10,869ms] [Warning] [omni.physx.plugin] Damping attribute is unsupported for articulation joints and will be ignored (/World/envs/env_0/Robot/joints/left_back_foot).
2026-09-17T11:50:17Z [10,869ms] [Warning] [omni.physx.plugin] Damping attribute is unsupported for articulation joints and will be ignored (/World/envs/env_0/Robot/joints/right_back_leg).
2026-09-17T11:50:17Z [10,869ms] [Warning] [omni.physx.plugin] Damping attribute is unsupported for articulation joints and will be ignored (/World/envs/env_0/Robot/joints/right_back_foot).
2026-09-17T11:50:17Z [10,869ms] [Warning] [omni.physx.plugin] Damping attribute is unsupported for articulation joints and will be ignored (/World/envs/env_0/Robot/joints/front_right_leg).
2026-09-17T11:50:17Z [10,869ms] [Warning] [omni.physx.plugin] Damping attribute is unsupported for articulation joints and will be ignored (/World/envs/env_0/Robot/joints/front_right_foot).
2026-09-17T11:50:17Z [10,869ms] [Warning] [omni.physx.plugin] Damping attribute is unsupported for articulation joints and will be ignored (/World/envs/env_0/Robot/joints/left_back_leg).
2026-09-17T11:50:17Z [10,869ms] [Warning] [omni.physx.plugin] Damping attribute is unsupported for articulation joints and will be ignored (/World/envs/env_0/Robot/joints/left_back_foot).
2026-09-17T11:50:17Z [10,869ms] [Warning] [omni.physx.plugin] Damping attribute is unsupported for articulation joints and will be ignored (/World/envs/env_0/Robot/joints/right_back_leg).
2026-09-17T11:50:17Z [10,869ms] [Warning] [omni.physx.plugin] Damping attribute is unsupported for articulation joints and will be ignored (/World/envs/env_0/Robot/joints/right_back_foot).
2026-09-17T11:50:17Z [10,869ms] [Warning] [omni.physx.plugin] Damping attribute is unsupported for articulation joints and will be ignored (/World/envs/env_0/Robot/joints/front_right_leg).
2026-09-17T11:50:17Z [10,869ms] [Warning] [omni.physx.plugin] Damping attribute is unsupported for articulation joints and will be ignored (/World/envs/env_0/Robot/joints/front_right_foot).
2026-09-17T11:50:17Z [10,869ms] [Warning] [omni.physx.plugin] Damping attribute is unsupported for articulation joints and will be ignored (/World/envs/env_0/Robot/joints/left_back_leg).
2026-09-17T11:50:17Z [10,869ms] [Warning] [omni.physx.plugin] Damping attribute is unsupported for articulation joints and will be ignored (/World/envs/env_0/Robot/joints/left_back_foot).
2026-09-17T11:50:17Z [10,869ms] [Warning] [omni.physx.plugin] Damping attribute is unsupported for articulation joints and will be ignored (/World/envs/env_0/Robot/joints/right_back_leg).
2026-09-17T11:50:17Z [10,869ms] [Warning] [omni.physx.plugin] Damping attribute is unsupported for articulation joints and will be ignored (/World/envs/env_0/Robot/joints/right_back_foot).
2026-09-17T11:50:17Z [10,869ms] [Warning] [omni.physx.plugin] Damping attribute is unsupported for articulation joints and will be ignored (/World/envs/env_0/Robot/joints/left_back_leg).
2026-09-17T11:50:17Z [10,869ms] [Warning] [omni.physx.plugin] Damping attribute is unsupported for articulation joints and will be ignored (/World/envs/env_0/Robot/joints/left_back_foot).
2026-09-17T11:50:17Z [10,869ms] [Warning] [omni.physx.plugin] Damping attribute is unsupported for articulation joints and will be ignored (/World/envs/env_0/Robot/joints/right_back_leg).
2026-09-17T11:50:17Z [10,869ms] [Warning] [omni.physx.plugin] Damping attribute is unsupported for articulation joints and will be ignored (/World/envs/env_0/Robot/joints/right_back_foot).
2026-09-17T11:50:17Z [10,869ms] [Warning] [omni.physx.plugin] Damping attribute is unsupported for articulation joints and will be ignored (/World/envs/env_0/Robot/joints/left_back_leg).
2026-09-17T11:50:17Z [10,869ms] [Warning] [omni.physx.plugin] Damping attribute is unsupported for articulation joints and will be ignored (/World/envs/env_0/Robot/joints/left_back_foot).
2026-09-17T11:50:17Z [10,869ms] [Warning] [omni.physx.plugin] Damping attribute is unsupported for articulation joints and will be ignored (/World/envs/env_0/Robot/joints/right_back_leg).
2026-09-17T11:50:17Z [10,869ms] [Warning] [omni.physx.plugin] Damping attribute is unsupported for articulation joints and will be ignored (/World/envs/env_0/Robot/joints/right_back_foot).
2026-09-17T11:50:17Z [10,869ms] [Warning] [omni.physx.plugin] Damping attribute is unsupported for articulation joints and will be ignored (/World/envs/env_0/Robot/joints/right_back_leg).
2026-09-17T11:50:17Z [10,869ms] [Warning] [omni.physx.plugin] Damping attribute is unsupported for articulation joints and will be ignored (/World/envs/env_0/Robot/joints/right_back_foot).
2026-09-17T11:50:17Z [10,869ms] [Warning] [omni.physx.plugin] Damping attribute is unsupported for articulation joints and will be ignored (/World/envs/env_0/Robot/joints/right_back_leg).
2026-09-17T11:50:17Z [10,869ms] [Warning] [omni.physx.plugin] Damping attribute is unsupported for articulation joints and will be ignored (/World/envs/env_0/Robot/joints/right_back_foot).
[INFO]: Time taken for simulation start : 0.484998 seconds
[INFO] Command Manager:  <CommandManager> contains 0 active terms.
+------------------------+
|  Active Command Terms  |
+--------+-------+-------+
| Index  | Name  |  Type |
+--------+-------+-------+
+--------+-------+-------+

[INFO] Event Manager:  <EventManager> contains 3 active terms.
+-------------------------------------+
| Active Event Terms in Mode: 'reset' |
+---------+---------------------------+
|  Index  | Name                      |
+---------+---------------------------+
|    0    | reset_base                |
|    1    | reset_robot_joints        |
+---------+---------------------------+
+--------------------------------------+
| Active Event Terms in Mode: 'startup' |
+----------+---------------------------+
|  Index   | Name                      |
+----------+---------------------------+
|    0     | physics_material          |
|    1     | torso_mass                |
|    2     | torso_com                 |
+----------+---------------------------+
+----------------------------------------------+
|    Active Event Terms in Mode: 'interval'    |
+-------+------------+-------------------------+
| Index | Name       | Interval time range (s) |
+-------+------------+-------------------------+
|   0   | push_robot |        (4.0, 8.0)       |
+-------+------------+-------------------------+

[INFO] Recorder Manager:  <RecorderManager> contains 0 active terms.
+---------------------+
| Active Recorder Terms |
+-----------+---------+
|   Index   | Name    |
+-----------+---------+
+-----------+---------+

[INFO] Action Manager:  <ActionManager> contains 1 active terms.
+----------------------------------+
|  Active Action Terms (shape: 8)  |
+-------+--------------+-----------+
| Index | Name         | Dimension |
+-------+--------------+-----------+
|   0   | joint_effort |         8 |
+-------+--------------+-----------+

[INFO] Observation Manager: <ObservationManager> contains 1 groups.
+------------------------------------------------------------+
| Active Observation Terms in Group: 'policy' (shape: (114,)) |
+-----------+------------------------------------+-----------+
|   Index   | Name                               |   Shape   |
+-----------+------------------------------------+-----------+
|     0     | base_height                        |    (1,)   |
|     1     | base_lin_vel                       |    (3,)   |
|     2     | base_ang_vel                       |    (3,)   |
|     3     | base_yaw_roll                      |    (2,)   |
|     4     | base_angle_to_target               |    (1,)   |
|     5     | base_up_proj                       |    (1,)   |
|     6     | base_heading_proj                  |    (1,)   |
|     7     | joint_pos_norm                     |    (8,)   |
|     8     | joint_vel_rel                      |    (8,)   |
|     9     | feet_body_forces                   |   (24,)   |
|     10    | actions                            |    (8,)   |
|     11    | height_scan                        |   (54,)   |
+-----------+------------------------------------+-----------+

[INFO] Termination Manager:  <TerminationManager> contains 2 active terms.
+---------------------------------+
|     Active Termination Terms    |
+-------+--------------+----------+
| Index | Name         | Time Out |
+-------+--------------+----------+
|   0   | time_out     |   True   |
|   1   | torso_height |  False   |
+-------+--------------+----------+

[INFO] Reward Manager:  <RewardManager> contains 7 active terms.
+-----------------------------------+
|        Active Reward Terms        |
+-------+------------------+--------+
| Index | Name             | Weight |
+-------+------------------+--------+
|   0   | progress         |    1.0 |
|   1   | alive            |    0.5 |
|   2   | upright          |    0.1 |
|   3   | move_to_target   |    0.5 |
|   4   | action_l2        | -0.002 |
|   5   | energy           |  -0.02 |
|   6   | joint_pos_limits |  -0.05 |
+-------+------------------+--------+

[INFO] Curriculum Manager:  <CurriculumManager> contains 0 active terms.
+----------------------+
| Active Curriculum Terms |
+-----------+----------+
|   Index   | Name     |
+-----------+----------+
+-----------+----------+

Creating window for environment.
[INFO]: Completed setting up the environment...
/mnt/ssd970/robotics_simulation_class/env/lib/python3.11/site-packages/rsl_rl/utils/utils.py:244: UserWarning: The observation configuration dictionary 'obs_groups' must contain the 'policy' key. As an observation group with the name 'policy' was found, this is assumed to be the observation set. Consider adding the 'policy' key to the 'obs_groups' dictionary for clarity. This behavior will be removed in a future version.
  warnings.warn(
/mnt/ssd970/robotics_simulation_class/env/lib/python3.11/site-packages/rsl_rl/utils/utils.py:290: UserWarning: The observation configuration dictionary 'obs_groups' must contain the 'critic' key. As the configuration for 'critic' is missing, the observations from the 'policy' set are used. Consider adding the 'critic' key to the 'obs_groups' dictionary for clarity. This behavior will be removed in a future version.
  warnings.warn(
--------------------------------------------------------------------------------
Resolved observation sets: 
	 policy :  ['policy']
	 critic :  ['policy']
--------------------------------------------------------------------------------
Actor MLP: MLP(
  (0): Linear(in_features=114, out_features=400, bias=True)
  (1): ELU(alpha=1.0)
  (2): Linear(in_features=400, out_features=200, bias=True)
  (3): ELU(alpha=1.0)
  (4): Linear(in_features=200, out_features=100, bias=True)
  (5): ELU(alpha=1.0)
  (6): Linear(in_features=100, out_features=8, bias=True)
)
Critic MLP: MLP(
  (0): Linear(in_features=114, out_features=400, bias=True)
  (1): ELU(alpha=1.0)
  (2): Linear(in_features=400, out_features=200, bias=True)
  (3): ELU(alpha=1.0)
  (4): Linear(in_features=200, out_features=100, bias=True)
  (5): ELU(alpha=1.0)
  (6): Linear(in_features=100, out_features=1, bias=True)
)
[DEMO] env 0=flat, env 1=rough, env 2=steep_slope, env 3=deep_stairs, env 4=waves, env 5=obstacles, env 6=stepping_stones, env 7=pit, env 8=gap, env 9=boxes
[DEMO] checkpoint=/home/wonker/robotics-simulation-week03-ant-robust/artifacts/terrain_demo/runs/terrain_extreme_full_seed42/model_7150.pt
[DEMO] Close the Isaac Sim window to stop.
[DEMO] Following env 0: flat
[DEMO] Following env 1: rough
[DEMO] Following env 2: steep_slope
[DEMO] Following env 3: deep_stairs
[DEMO] Following env 4: waves
[DEMO] Following env 5: obstacles
[DEMO] Following env 6: stepping_stones
[DEMO] Following env 7: pit
[DEMO] Following env 8: gap
[DEMO] Following env 9: boxes
[DEMO] Following env 0: flat
[DEMO] Following env 1: rough
[58.189s] Simulation App Shutting Down
